// Jest Snapshot v1, https://goo.gl/fbAQLP

exports[`Culqi should have cards property 1`] = `
{
  "createCard": [Function],
  "deleteCard": [Function],
  "getCard": [Function],
  "getCards": [Function],
  "updateCard": [Function],
}
`;

exports[`Culqi should have charges property 1`] = `
{
  "captureCharge": [Function],
  "createCharge": [Function],
  "getCharge": [Function],
  "getCharges": [Function],
  "updateCharge": [Function],
}
`;

exports[`Culqi should have customers property 1`] = `
{
  "createCustomer": [Function],
  "deleteCustomer": [Function],
  "getCustomer": [Function],
  "getCustomers": [Function],
  "updateCustomer": [Function],
}
`;

exports[`Culqi should have events property 1`] = `
{
  "getEvent": [Function],
  "getEvents": [Function],
}
`;

exports[`Culqi should have orders property 1`] = `
{
  "confirmOrder": [Function],
  "createOrder": [Function],
  "deleteOrder": [Function],
  "getOrder": [Function],
  "getOrders": [Function],
  "updateOrder": [Function],
}
`;

exports[`Culqi should have plans property 1`] = `
{
  "createPlan": [Function],
  "deletePlan": [Function],
  "getPlan": [Function],
  "getPlans": [Function],
  "updatePlan": [Function],
}
`;

exports[`Culqi should have refunds property 1`] = `
{
  "createRefund": [Function],
  "getRefund": [Function],
  "getRefunds": [Function],
  "updateRefunds": [Function],
}
`;

exports[`Culqi should have subscriptions property 1`] = `
{
  "createSubscription": [Function],
  "deleteSubscription": [Function],
  "getSubscription": [Function],
  "getSubscriptions": [Function],
  "updateSubscription": [Function],
}
`;

exports[`Culqi should have tokens property 1`] = `
{
  "createToken": [Function],
  "getToken": [Function],
  "getTokens": [Function],
  "updateToken": [Function],
}
`;

exports[`Culqi should throw error if pciCompliant is true but no public key was provided 1`] = `[Error: Provide 'publicKey' property]`;

exports[`Culqi should throw error if privateKey is not set 1`] = `[Error: Provide 'privateKey' property]`;

exports[`Culqi should throw error if publicKey is provided but pciCompliant is not true 1`] = `[Error: Provide 'pciCompliant' options as true. It means you acknowledge that you are PCI-compliant in order to execute certain operations.]`;
